// Jest Snapshot v1, https://goo.gl/fbAQLP

exports[`renders correctly 1`] = `
<View
  style={
    Object {
      "flex": 1,
    }
  }
>
  <RNCSafeAreaProvider
    onInsetsChange={[Function]}
    style={
      Array [
        Object {
          "flex": 1,
        },
        undefined,
      ]
    }
  >
    <View
      pointerEvents="box-none"
      style={
        Array [
          Object {
            "zIndex": 1,
          },
          false,
        ]
      }
    >
      <View
        accessibilityElementsHidden={false}
        importantForAccessibility="auto"
        onLayout={[Function]}
        pointerEvents="box-none"
        style={null}
      >
        <View
          pointerEvents="box-none"
          style={
            Object {
              "bottom": 0,
              "left": 0,
              "opacity": 1,
              "position": "absolute",
              "right": 0,
              "top": 0,
              "zIndex": 0,
            }
          }
        >
          <View
            style={
              Object {
                "backgroundColor": "rgb(255, 255, 255)",
                "borderBottomColor": "rgb(216, 216, 216)",
                "flex": 1,
                "shadowColor": "rgb(216, 216, 216)",
                "shadowOffset": Object {
                  "height": 0.5,
                  "width": 0,
                },
                "shadowOpacity": 0.85,
                "shadowRadius": 0,
              }
            }
          />
        </View>
        <View
          pointerEvents="box-none"
          style={
            Object {
              "height": 64,
              "maxHeight": undefined,
              "minHeight": undefined,
              "opacity": undefined,
              "transform": undefined,
            }
          }
        >
          <View
            pointerEvents="none"
            style={
              Object {
                "height": 20,
              }
            }
          />
          <View
            pointerEvents="box-none"
            style={
              Object {
                "alignItems": "center",
                "flex": 1,
                "flexDirection": "row",
                "justifyContent": "center",
              }
            }
          >
            <View
              pointerEvents="box-none"
              style={
                Object {
                  "marginHorizontal": 16,
                  "opacity": 1,
                }
              }
            >
              <Text
                accessibilityRole="header"
                numberOfLines={1}
                onLayout={[Function]}
                style={
                  Object {
                    "color": "rgb(28, 28, 30)",
                    "fontSize": 17,
                    "fontWeight": "600",
                  }
                }
              >
                Inicio
              </Text>
            </View>
          </View>
        </View>
      </View>
    </View>
    <View
      onLayout={[Function]}
      style={
        Object {
          "flex": 1,
        }
      }
    >
      <View
        pointerEvents="box-none"
        style={
          Object {
            "bottom": 0,
            "left": 0,
            "position": "absolute",
            "right": 0,
            "top": 0,
          }
        }
      >
        <View
          collapsable={false}
          style={
            Object {
              "opacity": 1,
            }
          }
        />
        <View
          accessibilityElementsHidden={false}
          closing={false}
          gestureVelocityImpact={0.3}
          importantForAccessibility="auto"
          onClose={[Function]}
          onGestureBegin={[Function]}
          onGestureCanceled={[Function]}
          onGestureEnd={[Function]}
          onOpen={[Function]}
          onTransitionStart={[Function]}
          pointerEvents="box-none"
          style={
            Object {
              "bottom": 0,
              "left": 0,
              "position": "absolute",
              "right": 0,
              "top": 0,
            }
          }
          transitionSpec={
            Object {
              "close": Object {
                "animation": "spring",
                "config": Object {
                  "damping": 500,
                  "mass": 3,
                  "overshootClamping": true,
                  "restDisplacementThreshold": 10,
                  "restSpeedThreshold": 10,
                  "stiffness": 1000,
                },
              },
              "open": Object {
                "animation": "spring",
                "config": Object {
                  "damping": 500,
                  "mass": 3,
                  "overshootClamping": true,
                  "restDisplacementThreshold": 10,
                  "restSpeedThreshold": 10,
                  "stiffness": 1000,
                },
              },
            }
          }
        >
          <View
            pointerEvents="box-none"
            style={
              Object {
                "flex": 1,
              }
            }
          >
            <View
              collapsable={false}
              forwardedRef={[Function]}
              onGestureHandlerEvent={[Function]}
              onGestureHandlerStateChange={[Function]}
              style={
                Object {
                  "flex": 1,
                  "transform": Array [
                    Object {
                      "translateX": 0,
                    },
                    Object {
                      "translateX": 0,
                    },
                  ],
                }
              }
            >
              <View
                pointerEvents="none"
                style={
                  Object {
                    "backgroundColor": "rgb(242, 242, 242)",
                    "bottom": 0,
                    "left": 0,
                    "position": "absolute",
                    "shadowColor": "#000",
                    "shadowOffset": Object {
                      "height": 1,
                      "width": -1,
                    },
                    "shadowOpacity": 0.3,
                    "shadowRadius": 5,
                    "top": 0,
                    "width": 3,
                  }
                }
              />
              <View
                style={
                  Array [
                    Object {
                      "flex": 1,
                      "overflow": "hidden",
                    },
                    Array [
                      Object {
                        "backgroundColor": "rgb(242, 242, 242)",
                      },
                      undefined,
                    ],
                  ]
                }
              >
                <View
                  style={
                    Object {
                      "flex": 1,
                      "flexDirection": "column-reverse",
                    }
                  }
                >
                  <View
                    style={
                      Object {
                        "flex": 1,
                      }
                    }
                  >
                    <Modal
                      animationType="slide"
                      hardwareAccelerated={false}
                      transparent={true}
                      visible={false}
                    >
                      <View
                        style={
                          Array [
                            Object {
                              "alignItems": "center",
                              "backgroundColor": "rgba(0,0,0,0.5)",
                              "flex": 1,
                              "justifyContent": "center",
                              "paddingHorizontal": "10%",
                            },
                          ]
                        }
                      >
                        <View
                          style={
                            Object {
                              "alignItems": "center",
                              "backgroundColor": "white",
                              "borderRadius": 0,
                              "maxWidth": "90%",
                              "minWidth": "90%",
                              "padding": 35,
                            }
                          }
                        >
                          <View
                            style={
                              Object {
                                "width": "100%",
                              }
                            }
                          >
                            <Text
                              style={
                                Object {
                                  "fontSize": 25,
                                  "fontWeight": "bold",
                                  "marginBottom": 15,
                                  "textAlign": "left",
                                }
                              }
                            >
                              Pokefinder
                            </Text>
                          </View>
                          <View
                            style={
                              Object {
                                "marginBottom": 15,
                                "width": "100%",
                              }
                            }
                          >
                            <Text
                              style={
                                Object {
                                  "fontSize": 20,
                                  "textAlign": "left",
                                }
                              }
                            >
                              
                            </Text>
                          </View>
                          <View
                            style={
                              Object {
                                "flexDirection": "row",
                                "justifyContent": "space-evenly",
                                "width": "100%",
                              }
                            }
                          >
                            <View
                              accessible={true}
                              focusable={true}
                              onClick={[Function]}
                              onResponderGrant={[Function]}
                              onResponderMove={[Function]}
                              onResponderRelease={[Function]}
                              onResponderTerminate={[Function]}
                              onResponderTerminationRequest={[Function]}
                              onStartShouldSetResponder={[Function]}
                              style={
                                Object {
                                  "opacity": 1,
                                }
                              }
                            >
                              <Text
                                style={
                                  Object {
                                    "backgroundColor": "green",
                                    "borderWidth": 1,
                                    "color": "#fff",
                                    "fontSize": 18,
                                    "height": 35,
                                    "lineHeight": 35,
                                    "marginRight": 15,
                                    "textAlign": "center",
                                    "width": 150,
                                  }
                                }
                              >
                                Ok
                              </Text>
                            </View>
                          </View>
                        </View>
                      </View>
                    </Modal>
                    <Modal
                      animationType="slide"
                      hardwareAccelerated={false}
                      transparent={true}
                      visible={true}
                    >
                      <View
                        style={
                          Object {
                            "alignItems": "center",
                            "backgroundColor": "rgba(0,0,0,0.2)",
                            "flex": 1,
                            "justifyContent": "center",
                          }
                        }
                      >
                        <View
                          style={
                            Object {
                              "alignItems": "center",
                              "backgroundColor": "transparent",
                              "borderRadius": 20,
                              "padding": 35,
                              "width": "90%",
                            }
                          }
                        >
                          <ActivityIndicator
                            animating={true}
                            color="gray"
                            hidesWhenStopped={true}
                            size="large"
                          />
                        </View>
                      </View>
                    </Modal>
                    <RCTSafeAreaView
                      emulateUnlessSupported={true}
                    >
                      <View
                        style={
                          Object {
                            "backgroundColor": "#F3F3F3",
                          }
                        }
                      >
                        <View
                          style={
                            Object {
                              "paddingHorizontal": 12,
                            }
                          }
                        >
                          <View
                            style={
                              Object {
                                "backgroundColor": "#fff",
                                "borderWidth": 0.5,
                                "flexDirection": "row",
                                "height": 50,
                                "width": "100%",
                              }
                            }
                          >
                            <TextInput
                              allowFontScaling={true}
                              onChange={[Function]}
                              onFocus={[Function]}
                              placeholder="Ingrese por lo menos 3 caracteres"
                              rejectResponderTermination={true}
                              style={
                                Object {
                                  "fontSize": 18,
                                  "width": "94%",
                                }
                              }
                              underlineColorAndroid="transparent"
                              value=""
                            />
                            <RNGestureHandlerButton
                              collapsable={false}
                              onGestureEvent={[Function]}
                              onGestureHandlerEvent={[Function]}
                              onGestureHandlerStateChange={[Function]}
                              onHandlerStateChange={[Function]}
                              rippleColor={0}
                            >
                              <View
                                accessible={true}
                                style={
                                  Object {
                                    "alignContent": "center",
                                    "alignItems": "center",
                                    "alignSelf": "center",
                                    "borderRadius": 15,
                                    "borderWidth": 1,
                                    "flex": 1,
                                    "justifyContent": "center",
                                    "marginTop": 10,
                                    "maxHeight": 30,
                                    "maxWidth": 30,
                                    "minHeight": 30,
                                    "minWidth": 30,
                                    "opacity": 1,
                                  }
                                }
                              >
                                <Text
                                  style={
                                    Object {
                                      "fontSize": 20,
                                      "textAlign": "center",
                                    }
                                  }
                                >
                                  X
                                </Text>
                              </View>
                            </RNGestureHandlerButton>
                          </View>
                        </View>
                        <View
                          style={
                            Object {
                              "paddingHorizontal": 12,
                            }
                          }
                        />
                      </View>
                    </RCTSafeAreaView>
                  </View>
                </View>
              </View>
            </View>
          </View>
        </View>
      </View>
    </View>
  </RNCSafeAreaProvider>
</View>
`;
